08:13:42 **** Incremental Build of configuration Debug for project HW2 ****
make -j12 all 
arm-none-eabi-gcc "../Core/Src/main.c" -mcpu=cortex-m4 -std=gnu11 -g3 -DDEBUG -DUSE_HAL_DRIVER -DSTM32F401xE -c -I../Core/Inc -I../Drivers/STM32F4xx_HAL_Driver/Inc -I../Drivers/STM32F4xx_HAL_Driver/Inc/Legacy -I../Drivers/CMSIS/Device/ST/STM32F4xx/Include -I../Drivers/CMSIS/Include -O0 -ffunction-sections -fdata-sections -Wall -fstack-usage -fcyclomatic-complexity -MMD -MP -MF"Core/Src/main.d" -MT"Core/Src/main.o" --specs=nano.specs -mfpu=fpv4-sp-d16 -mfloat-abi=hard -mthumb -o "Core/Src/main.o"
arm-none-eabi-gcc -o "HW2.elf" @"objects.list"   -mcpu=cortex-m4 -T"C:\_Kittiphop Working space\.Project_Github\ENE331_Embedded_System_Lab\HW2\STM32F401CDUX_FLASH.ld" --specs=nosys.specs -Wl,-Map="HW2.map" -Wl,--gc-sections -static --specs=nano.specs -mfpu=fpv4-sp-d16 -mfloat-abi=hard -mthumb -Wl,--start-group -lc -lm -Wl,--end-group
Finished building target: HW2.elf
 
arm-none-eabi-size  HW2.elf 
arm-none-eabi-objdump -h -S HW2.elf  > "HW2.list"
   text	   data	    bss	    dec	    hex	filename
   5108	     12	   1572	   6692	   1a24	HW2.elf
Finished building: default.size.stdout
 
Finished building: HW2.list
 

08:13:43 Build Finished. 0 errors, 0 warnings. (took 894ms)

